// Jest Snapshot v1, https://goo.gl/fbAQLP

exports[`Navbar render default 1`] = `
<div>
  <div
    class="bg-[#085723]"
  >
    <nav
      class="sc-gJhJTp gScXeg py-4 bg-yellow rounded-b-2xl"
    >
      <div
        class="mx-auto px-8 container"
      >
        <div
          class="flex justify-center md:justify-start items-center"
        >
          <div
            class="sc-braxZu gLJukQ w-36 h-12 bg-cover bg-center"
            image="https://raw.githubusercontent.com/hieudoanm/cdn/master/images/football-battle/svg/navbar/football-battle.svg"
            title="Football Battle"
          />
        </div>
      </div>
    </nav>
  </div>
</div>
`;
