// Jest Snapshot v1, https://goo.gl/fbAQLP

exports[`StakeToPlayInstructions render default 1`] = `
<div>
  <div>
    <div
      class="mb-8"
    >
      <div
        class="flex items-center gap-x-4"
      >
        <button
          type="button"
        >
          <div
            class="w-8 h-8 flex justify-center items-center border border-black rounded-full bg-[#C9C9C9]"
          >
            01
          </div>
        </button>
        <div
          class="font-abel"
        >
          Start collecting now
        </div>
      </div>
      <div
        class="w-8 h-8"
      >
        <div
          class="w-full h-full flex items-center justify-center"
        >
          ▼
        </div>
      </div>
      <div
        class="flex items-center gap-x-4"
      >
        <button
          type="button"
        >
          <div
            class="w-8 h-8 flex justify-center items-center border border-black rounded-full "
          >
            02
          </div>
        </button>
        <div
          class="font-abel"
        >
          Click My Account
        </div>
      </div>
      <div
        class="w-8 h-8"
      >
        <div
          class="w-full h-full flex items-center justify-center"
        >
          ▼
        </div>
      </div>
      <div
        class="flex items-center gap-x-4"
      >
        <button
          type="button"
        >
          <div
            class="w-8 h-8 flex justify-center items-center border border-black rounded-full "
          >
            03
          </div>
        </button>
        <div
          class="font-abel"
        >
          Choose Staking tab
        </div>
      </div>
      <div
        class="w-8 h-8"
      >
        <div
          class="w-full h-full flex items-center justify-center"
        >
          ▼
        </div>
      </div>
      <div
        class="flex items-center gap-x-4"
      >
        <button
          type="button"
        >
          <div
            class="w-8 h-8 flex justify-center items-center border border-black rounded-full "
          >
            04
          </div>
        </button>
        <div
          class="font-abel"
        >
          Input the number of FBL you want to stake & proceed
        </div>
      </div>
    </div>
  </div>
</div>
`;
