// Jest Snapshot v1, https://goo.gl/fbAQLP

exports[`LayoutTemplate renders correctly 1`] = `
<div>
  <div
    class="flex h-screen flex-col"
  >
    <nav
      class="border-b shadow"
    >
      <div
        class="container mx-auto px-8 py-4"
      >
        <div
          class="flex items-center justify-between"
        >
          <div
            class="flex items-center gap-x-2"
          >
            <a
              href="/"
            >
              <h1
                class="uppercase"
              >
                Buzz Metrics
              </h1>
            </a>
            <a
              href="/socialheat"
            >
              <p>
                Social Heat
              </p>
            </a>
            <a
              href="/socialtrend"
            >
              <p>
                Social Trend
              </p>
            </a>
          </div>
          <div>
            <button
              class="btn bg-blue-500 uppercase text-white"
              type="button"
            >
              Log Out
            </button>
          </div>
        </div>
      </div>
    </nav>
    <main
      class="grow"
    />
  </div>
</div>
`;
