// Jest Snapshot v1, https://goo.gl/fbAQLP

exports[`DownloadAndSetUp render default 1`] = `
<div>
  <div
    class="h-full p-8 card-green bg-green rounded-2xl"
  >
    <div
      class="flex flex-col h-full"
    >
      <div
        class="flex-none"
      >
        <div
          class="mb-8"
        >
          <h3
            class="text-[#FFB715] text-base md:text-xl"
          >
            Download & Set Up
          </h3>
        </div>
      </div>
      <div
        class="grow"
      >
        <div
          class="mb-4"
        >
          <p
            class="text-white text-xs md:text-sm"
          >
            Extension
          </p>
        </div>
        <div
          class="mb-12"
        >
          <div
            class="flex gap-8"
          >
            <a
              href="https://bit.ly/3bYHlU5"
              rel="noreferrer"
              target="_blank"
            >
              <div
                class="sc-braxZu fxjaiS w-24 h-24 bg-center bg-cover"
                image="/how-to-play/en/images/meta-mask-wallet/box.svg"
              >
                <div
                  class="flex items-center justify-center w-full h-full"
                >
                  <div
                    class="sc-braxZu ipcsXP w-16 h-16 bg-center bg-no-repeat bg-contain"
                    image="/how-to-play/en/images/download/chrome.svg"
                  />
                </div>
              </div>
            </a>
            <a
              href="https://mzl.la/3yMRV9D"
              rel="noreferrer"
              target="_blank"
            >
              <div
                class="sc-braxZu fxjaiS w-24 h-24 bg-center bg-cover"
                image="/how-to-play/en/images/meta-mask-wallet/box.svg"
              >
                <div
                  class="flex items-center justify-center w-full h-full"
                >
                  <div
                    class="sc-braxZu bkETAY w-16 h-16 bg-center bg-no-repeat bg-contain"
                    image="/how-to-play/en/images/download/firefox.svg"
                  />
                </div>
              </div>
            </a>
          </div>
        </div>
        <div
          class="mb-8"
        >
          <div
            class="flex flex-col gap-4"
          >
            <p
              class="text-white text-xs md:text-sm"
            >
              Mobile App
            </p>
            <a
              href="https://bit.ly/3ymLloN"
              rel="noreferrer"
              target="_blank"
            >
              <div
                class="sc-braxZu bZVUPH w-44 h-12 bg-contain bg-no-repeat"
                image="/how-to-play/en/images/download/apple-app-store.svg"
              />
            </a>
            <a
              href="https://apps.apple.com/us/app/metamask-blockchain-wallet/id1438144202"
              rel="noreferrer"
              target="_blank"
            >
              <div
                class="sc-braxZu cScqmb w-44 h-12 bg-contain bg-no-repeat"
                image="/how-to-play/en/images/download/google-play-store.svg"
              />
            </a>
          </div>
        </div>
      </div>
      <div
        class="flex-none"
      >
        <p
          class="text-white font-karma text-sm md:text-base"
        >
          Still need help?
           
          <a
            class="text-[#FFC815] underline"
            href="https://bit.ly/3ArxJvc"
          >
            Watch community-made tutorial
          </a>
        </p>
      </div>
    </div>
  </div>
</div>
`;
