// Jest Snapshot v1, https://goo.gl/fbAQLP

exports[`StakeToPlay render default 1`] = `
<div>
  <section
    class="py-16"
    id="stake-to-play"
  >
    <div
      class="mx-auto px-8 container"
    >
      <div
        class="mb-16"
      >
        <div
          class="hidden md:block"
        >
          <h1
            class="text-center uppercase text-3xl"
          >
            <div
              class="sc-blHHSb doWbrX truncate text-xl md:text-3xl"
            >
              <span
                class="opacity-0 md:opacity-100"
              >
                Stake-to-play
              </span>
              <span
                class="opacity-100 md:opacity-0"
              >
                Stake-to-play
              </span>
              Stake-to-play
            </div>
             
            <div
              class="sc-blHHSb doWbrX truncate text-xl md:text-3xl"
            >
              <span
                class="opacity-0 md:opacity-100"
              >
                Game
              </span>
              <span
                class="opacity-100 md:opacity-0"
              >
                Game
              </span>
              Game
            </div>
          </h1>
        </div>
        <div
          class="block md:hidden"
        >
          <h1
            class="text-center uppercase text-xl"
          >
            <div
              class="sc-blHHSb doWbrX truncate text-xl md:text-3xl"
            >
              <span
                class="opacity-0 md:opacity-100"
              >
                Stake-to-play
              </span>
              <span
                class="opacity-100 md:opacity-0"
              >
                Stake-to-play
              </span>
              Stake-to-play
            </div>
             
            <div
              class="sc-blHHSb doWbrX truncate text-xl md:text-3xl"
            >
              <span
                class="opacity-0 md:opacity-100"
              >
                Game
              </span>
              <span
                class="opacity-100 md:opacity-0"
              >
                Game
              </span>
              Game
            </div>
          </h1>
        </div>
      </div>
      <article>
        <div
          class="grid grid-cols-1 md:grid-cols-7 lg:grid-cols-9 gap-8"
        >
          <div
            class="order-2 md:order-1 col-span-1 md:col-span-3 lg:col-span-4"
          >
            <div>
              <div
                class="mb-8"
              >
                <div
                  class="flex items-center gap-x-4"
                >
                  <button
                    type="button"
                  >
                    <div
                      class="sc-gtLWhw eETxGY w-12 h-12 bg-cover"
                      image="/how-to-play/en/images/stake-to-play/circle.svg"
                    >
                      <div
                        class="text-yellow text-xs w-full h-full flex justify-center items-center"
                      >
                        01
                      </div>
                    </div>
                  </button>
                  <div
                    class="text-white font-karma"
                  >
                    Visit
                     
                    <a
                      class="text-yellow underline"
                      href="https://marketplace.footballbattle.co"
                      rel="noreferrer"
                      target="_blank"
                    >
                      Markerplace
                    </a>
                  </div>
                </div>
                <div
                  class="w-12 h-12 flex items-center"
                >
                  <div
                    class="w-12 h-4 bg-contain bg-no-repeat bg-center"
                    style="background-image: url(/how-to-play/en/images/stake-to-play/arrow.svg);"
                  />
                </div>
                <div
                  class="flex items-center gap-x-4"
                >
                  <button
                    type="button"
                  >
                    <div
                      class="sc-gtLWhw eETxGY w-12 h-12 bg-cover"
                      image="/how-to-play/en/images/stake-to-play/circle.svg"
                    >
                      <div
                        class="text-yellow text-xs w-full h-full flex justify-center items-center"
                      >
                        02
                      </div>
                    </div>
                  </button>
                  <div
                    class="text-white font-karma"
                  >
                    Click 
                    <span
                      class="text-yellow"
                    >
                      My Account
                    </span>
                  </div>
                </div>
                <div
                  class="w-12 h-12 flex items-center"
                >
                  <div
                    class="w-12 h-4 bg-contain bg-no-repeat bg-center"
                    style="background-image: url(/how-to-play/en/images/stake-to-play/arrow.svg);"
                  />
                </div>
                <div
                  class="flex items-center gap-x-4"
                >
                  <button
                    type="button"
                  >
                    <div
                      class="sc-gtLWhw eETxGY w-12 h-12 bg-cover"
                      image="/how-to-play/en/images/stake-to-play/circle.svg"
                    >
                      <div
                        class="text-yellow text-xs w-full h-full flex justify-center items-center"
                      >
                        03
                      </div>
                    </div>
                  </button>
                  <div
                    class="text-white font-karma"
                  >
                    Choose 
                    <span
                      class="text-yellow"
                    >
                      Staking tab
                    </span>
                  </div>
                </div>
                <div
                  class="w-12 h-12 flex items-center"
                >
                  <div
                    class="w-12 h-4 bg-contain bg-no-repeat bg-center"
                    style="background-image: url(/how-to-play/en/images/stake-to-play/arrow.svg);"
                  />
                </div>
                <div
                  class="flex items-center gap-x-4"
                >
                  <button
                    type="button"
                  >
                    <div
                      class="sc-gtLWhw eETxGY w-12 h-12 bg-cover"
                      image="/how-to-play/en/images/stake-to-play/circle.svg"
                    >
                      <div
                        class="text-yellow text-xs w-full h-full flex justify-center items-center"
                      >
                        04
                      </div>
                    </div>
                  </button>
                  <div
                    class="text-white font-karma"
                  >
                    Input
                     
                    <span
                      class="text-yellow"
                    >
                      the number of FBL you want to stake & proceed
                    </span>
                  </div>
                </div>
              </div>
              <div
                class="flex items-center gap-8"
              >
                <a
                  href="https://bit.ly/3nHxVyL"
                  rel="noreferrer"
                  target="_blank"
                >
                  <button
                    class="rounded-3xl px-4 py-1 font-PS2P uppercase transition duration-700 border-4 border-dashed flex items-center justify-center focus:ring-transparent focus:outline-none text-tiny btn-blue bg-blue"
                    type="button"
                  >
                    <div
                      class="text-xs md:text-base text-white"
                    >
                      FBL TOKEN
                    </div>
                  </button>
                </a>
                <a
                  href="https://bit.ly/3ypHdnY"
                  rel="noreferrer"
                  target="_blank"
                >
                  <button
                    class="rounded-3xl px-4 py-1 font-PS2P uppercase transition duration-700 border-4 border-dashed flex items-center justify-center focus:ring-transparent focus:outline-none btn-yellow bg-yellow text-tiny"
                    type="button"
                  >
                    <div
                      class="text-darkRed text-xs md:text-base"
                    >
                      FBT TOKEN
                    </div>
                  </button>
                </a>
              </div>
            </div>
          </div>
          <div
            class="order-1 md:order-2 col-span-1 md:col-span-4 lg:col-span-5"
          >
            <a
              href="https://bit.ly/3O2YWHT"
              rel="noreferrer"
              target="_blank"
            >
              <div
                class="card-field bg-contain p-8 rounded-2xl"
                style="background-position-x: 25%; background-image: url(/how-to-play/en/images/stake-to-play/field.svg);"
              >
                <div
                  class="grid grid-cols-5 md:grid-cols-7 lg:grid-cols-9"
                >
                  <div
                    class="col-span-2 md:col-span-3 lg:col-span-4"
                  >
                    <div
                      class="flex justify-center items-center w-full h-full"
                    >
                      <div
                        class="w-full h-full px-2 py-4 bg-[#5CAB40]"
                      >
                        <div
                          class="sc-gtLWhw jfNCcs w-full bg-cover"
                          image="/how-to-play/en/images/stake-to-play/player-card.svg"
                          style="padding-bottom: 100%;"
                        />
                      </div>
                    </div>
                  </div>
                  <div
                    class="col-span-1"
                  >
                    <div
                      class="flex justify-center items-center w-full h-full"
                    >
                      <div>
                        <div
                          class="sc-gtLWhw LZEau w-8 h-8 bg-cover"
                          image="/how-to-play/en/images/stake-to-play/play.svg"
                        />
                      </div>
                    </div>
                  </div>
                  <div
                    class="col-span-2 md:col-span-3 lg:col-span-4"
                  >
                    <div
                      class="flex justify-start items-center w-full h-full"
                    >
                      <div
                        class="uppercase text-lg sm:text-xl md:text-3xl lg:text-4xl xl:text-5xl text-white text-center"
                      >
                        <div>
                          How
                        </div>
                        <div>
                          TO
                        </div>
                        <div>
                          STAKE
                        </div>
                      </div>
                    </div>
                  </div>
                </div>
              </div>
            </a>
          </div>
        </div>
      </article>
    </div>
  </section>
</div>
`;
