// Jest Snapshot v1, https://goo.gl/fbAQLP

exports[`NFTCard render default 1`] = `
<div>
  <div
    class="h-full p-8 card-green bg-green rounded-2xl"
  >
    <div
      class="grid grid-cols-1 md:grid-cols-5 gap-8"
    >
      <div
        class="order-2 md:order-1 col-span-1 md:col-span-3"
      >
        <div
          class="flex flex-col h-full gap-y-4"
        >
          <div
            class="flex-none"
          >
            <h3
              class="text-sm md:text-lg text-yellow text-center md:text-left"
            />
          </div>
          <div
            class="grow"
          >
            <div
              class="flex items-center justify-center h-full"
            >
              <p
                class="text-white font-karma text-xs md:text-base text-center md:text-left"
              />
            </div>
          </div>
          <div
            class="flex-none"
          >
            <div
              class="flex justify-center md:justify-start"
            >
              <a
                class="flex"
                href=""
                rel="noreferrer"
                target="_blank"
              >
                <button
                  class="rounded-3xl px-4 py-1 font-PS2P uppercase transition duration-700 border-4 border-dashed flex items-center justify-center focus:ring-transparent focus:outline-none btn-yellow bg-yellow text-tiny"
                  type="button"
                >
                  <div
                    class="text-darkRed"
                  />
                </button>
              </a>
            </div>
          </div>
        </div>
      </div>
      <div
        class="order-1 md:order-2 col-span-1 md:col-span-2"
      >
        <div
          class="sc-eLqIir bAYUve w-full bg-center bg-contain bg-no-repeat"
          image=""
          style="padding-bottom: 120%;"
          title=""
        />
      </div>
    </div>
  </div>
</div>
`;
