// Jest Snapshot v1, https://goo.gl/fbAQLP

exports[`Step render default 1`] = `
<div>
  <div
    class="flex flex-col justify-center"
  >
    <div
      class="sc-blHHSb kEYVCC bg-center bg-cover w-16 h-16 mx-auto mb-4"
      image=""
    />
    <p
      class="text-center text-white"
    />
  </div>
</div>
`;
